event_date,from_center,to_center,resource_code,carrier_mode,qty_ea,onboard_date,arrival_date,inbound_date
2024-01-01,FACTORY,SEOUL,SKU-1,GROUND,40,2023-12-31,2024-01-02,2024-01-02
2024-01-02,FACTORY,BUSAN,SKU-1,AIR,30,2024-01-01,2024-01-04,2024-01-04
