snapshot_date,center,resource_code,stock_qty
2024-01-01,SEOUL,SKU-1,100
2024-01-01,BUSAN,SKU-1,80
