date,center,resource_code,stock_qty
2024-01-01 00:00:00,AMZUS,BA00021,2000
2024-01-02 00:00:00,AMZUS,BA00021,1980
2024-01-03 00:00:00,AMZUS,BA00021,1950
2024-01-04 00:00:00,AMZUS,BA00021,1920
2024-01-05 00:00:00,AMZUS,BA00021,1890
2024-01-06 00:00:00,AMZUS,BA00021,1890
2024-01-07 00:00:00,AMZUS,BA00021,1890
2024-01-08 00:00:00,AMZUS,BA00021,1890
2024-01-09 00:00:00,AMZUS,BA00021,1890
2024-01-10 00:00:00,AMZUS,BA00021,1890
2024-01-11 00:00:00,AMZUS,BA00021,1890
2024-01-12 00:00:00,AMZUS,BA00021,1890
2024-01-13 00:00:00,AMZUS,BA00021,1890
2024-01-14 00:00:00,AMZUS,BA00021,1890
2024-01-15 00:00:00,AMZUS,BA00021,1890
2024-01-16 00:00:00,AMZUS,BA00021,1890
2024-01-17 00:00:00,AMZUS,BA00021,2190
2024-01-18 00:00:00,AMZUS,BA00021,2190
2024-01-19 00:00:00,AMZUS,BA00021,2190
2024-01-20 00:00:00,AMZUS,BA00021,2390
2024-01-21 00:00:00,AMZUS,BA00021,2390
2024-01-22 00:00:00,AMZUS,BA00021,2390
2024-01-23 00:00:00,AMZUS,BA00021,2390
2024-01-24 00:00:00,AMZUS,BA00021,2390
2024-01-25 00:00:00,AMZUS,BA00021,2390
2024-01-26 00:00:00,AMZUS,BA00021,2390
2024-01-27 00:00:00,AMZUS,BA00021,2390
2024-01-28 00:00:00,AMZUS,BA00021,2390
2024-01-29 00:00:00,AMZUS,BA00021,2390
2024-01-30 00:00:00,AMZUS,BA00021,2390
2024-01-31 00:00:00,AMZUS,BA00021,2390
2024-02-01 00:00:00,AMZUS,BA00021,2390
2024-02-02 00:00:00,AMZUS,BA00021,2390
2024-02-03 00:00:00,AMZUS,BA00021,2390
2024-02-04 00:00:00,AMZUS,BA00021,2390
2024-02-05 00:00:00,AMZUS,BA00021,2390
2024-02-06 00:00:00,AMZUS,BA00021,2390
2024-02-07 00:00:00,AMZUS,BA00021,2390
2024-02-08 00:00:00,AMZUS,BA00021,2390
2024-02-09 00:00:00,AMZUS,BA00021,2390
2024-02-10 00:00:00,AMZUS,BA00021,2390
2024-02-11 00:00:00,AMZUS,BA00021,2390
2024-02-12 00:00:00,AMZUS,BA00021,2390
2024-02-13 00:00:00,AMZUS,BA00021,2390
2024-02-14 00:00:00,AMZUS,BA00021,2390
2024-02-15 00:00:00,AMZUS,BA00021,2390
2024-02-16 00:00:00,AMZUS,BA00021,2390
2024-02-17 00:00:00,AMZUS,BA00021,2390
2024-02-18 00:00:00,AMZUS,BA00021,2390
2024-02-19 00:00:00,AMZUS,BA00021,2390
2024-02-20 00:00:00,AMZUS,BA00021,2390
2024-02-21 00:00:00,AMZUS,BA00021,2390
2024-02-22 00:00:00,AMZUS,BA00021,2390
2024-02-23 00:00:00,AMZUS,BA00021,2390
2024-02-24 00:00:00,AMZUS,BA00021,2390
2024-02-25 00:00:00,AMZUS,BA00021,2390
2024-02-26 00:00:00,AMZUS,BA00021,2390
2024-02-27 00:00:00,AMZUS,BA00021,2390
2024-02-28 00:00:00,AMZUS,BA00021,2390
2024-02-29 00:00:00,AMZUS,BA00021,2390
2024-03-01 00:00:00,AMZUS,BA00021,2390
2024-03-02 00:00:00,AMZUS,BA00021,2390
2024-03-03 00:00:00,AMZUS,BA00021,2390
2024-03-04 00:00:00,AMZUS,BA00021,2390
2024-03-05 00:00:00,AMZUS,BA00021,2390
2024-03-06 00:00:00,AMZUS,BA00021,2390
2024-03-07 00:00:00,AMZUS,BA00021,2390
2024-03-08 00:00:00,AMZUS,BA00021,2390
2024-03-09 00:00:00,AMZUS,BA00021,2390
2024-03-10 00:00:00,AMZUS,BA00021,2390
2024-03-11 00:00:00,AMZUS,BA00021,2390
2024-03-12 00:00:00,AMZUS,BA00021,2390
2024-03-13 00:00:00,AMZUS,BA00021,2390
2024-03-14 00:00:00,AMZUS,BA00021,2390
2024-03-15 00:00:00,AMZUS,BA00021,2390
2024-03-16 00:00:00,AMZUS,BA00021,2390
2024-03-17 00:00:00,AMZUS,BA00021,2390
2024-03-18 00:00:00,AMZUS,BA00021,2390
2024-03-19 00:00:00,AMZUS,BA00021,2390
2024-03-20 00:00:00,AMZUS,BA00021,2390
2024-03-21 00:00:00,AMZUS,BA00021,2390
2024-03-22 00:00:00,AMZUS,BA00021,2390
2024-03-23 00:00:00,AMZUS,BA00021,2390
2024-03-24 00:00:00,AMZUS,BA00021,2390
2024-03-25 00:00:00,AMZUS,BA00021,2390
2024-03-26 00:00:00,AMZUS,BA00021,2390
2024-03-27 00:00:00,AMZUS,BA00021,2390
2024-03-28 00:00:00,AMZUS,BA00021,2390
2024-03-29 00:00:00,AMZUS,BA00021,2390
2024-03-30 00:00:00,AMZUS,BA00021,2390
2024-03-31 00:00:00,AMZUS,BA00021,2390
2024-04-01 00:00:00,AMZUS,BA00021,2390
2024-04-02 00:00:00,AMZUS,BA00021,2390
2024-04-03 00:00:00,AMZUS,BA00021,2390
2024-04-04 00:00:00,AMZUS,BA00021,2390
2024-04-05 00:00:00,AMZUS,BA00021,2390
2024-04-06 00:00:00,AMZUS,BA00021,2390
2024-04-07 00:00:00,AMZUS,BA00021,2390
2024-04-08 00:00:00,AMZUS,BA00021,2390
2024-04-09 00:00:00,AMZUS,BA00021,2390
2024-04-10 00:00:00,AMZUS,BA00021,2390
2024-04-11 00:00:00,AMZUS,BA00021,2390
2024-04-12 00:00:00,AMZUS,BA00021,2390
2024-04-13 00:00:00,AMZUS,BA00021,2390
2024-04-14 00:00:00,AMZUS,BA00021,2390
2024-04-15 00:00:00,AMZUS,BA00021,2390
2024-01-01 00:00:00,In-Transit,BA00021,0
2024-01-02 00:00:00,In-Transit,BA00021,0
2024-01-03 00:00:00,In-Transit,BA00021,0
2024-01-04 00:00:00,In-Transit,BA00021,0
2024-01-05 00:00:00,In-Transit,BA00021,0
2024-01-06 00:00:00,In-Transit,BA00021,0
2024-01-07 00:00:00,In-Transit,BA00021,300
2024-01-08 00:00:00,In-Transit,BA00021,300
2024-01-09 00:00:00,In-Transit,BA00021,300
2024-01-10 00:00:00,In-Transit,BA00021,300
2024-01-11 00:00:00,In-Transit,BA00021,300
2024-01-12 00:00:00,In-Transit,BA00021,500
2024-01-13 00:00:00,In-Transit,BA00021,500
2024-01-14 00:00:00,In-Transit,BA00021,500
2024-01-15 00:00:00,In-Transit,BA00021,500
2024-01-16 00:00:00,In-Transit,BA00021,500
2024-01-17 00:00:00,In-Transit,BA00021,200
2024-01-18 00:00:00,In-Transit,BA00021,200
2024-01-19 00:00:00,In-Transit,BA00021,200
2024-01-20 00:00:00,In-Transit,BA00021,0
2024-01-21 00:00:00,In-Transit,BA00021,0
2024-01-22 00:00:00,In-Transit,BA00021,0
2024-01-23 00:00:00,In-Transit,BA00021,0
2024-01-24 00:00:00,In-Transit,BA00021,0
2024-01-25 00:00:00,In-Transit,BA00021,0
2024-01-26 00:00:00,In-Transit,BA00021,0
2024-01-27 00:00:00,In-Transit,BA00021,0
2024-01-28 00:00:00,In-Transit,BA00021,0
2024-01-29 00:00:00,In-Transit,BA00021,0
2024-01-30 00:00:00,In-Transit,BA00021,0
2024-01-31 00:00:00,In-Transit,BA00021,0
2024-02-01 00:00:00,In-Transit,BA00021,0
2024-02-02 00:00:00,In-Transit,BA00021,0
2024-02-03 00:00:00,In-Transit,BA00021,0
2024-02-04 00:00:00,In-Transit,BA00021,0
2024-02-05 00:00:00,In-Transit,BA00021,0
2024-02-06 00:00:00,In-Transit,BA00021,0
2024-02-07 00:00:00,In-Transit,BA00021,0
2024-02-08 00:00:00,In-Transit,BA00021,0
2024-02-09 00:00:00,In-Transit,BA00021,0
2024-02-10 00:00:00,In-Transit,BA00021,0
2024-02-11 00:00:00,In-Transit,BA00021,0
2024-02-12 00:00:00,In-Transit,BA00021,0
2024-02-13 00:00:00,In-Transit,BA00021,0
2024-02-14 00:00:00,In-Transit,BA00021,0
2024-02-15 00:00:00,In-Transit,BA00021,0
2024-02-16 00:00:00,In-Transit,BA00021,0
2024-02-17 00:00:00,In-Transit,BA00021,0
2024-02-18 00:00:00,In-Transit,BA00021,0
2024-02-19 00:00:00,In-Transit,BA00021,0
2024-02-20 00:00:00,In-Transit,BA00021,0
2024-02-21 00:00:00,In-Transit,BA00021,0
2024-02-22 00:00:00,In-Transit,BA00021,0
2024-02-23 00:00:00,In-Transit,BA00021,0
2024-02-24 00:00:00,In-Transit,BA00021,0
2024-02-25 00:00:00,In-Transit,BA00021,0
2024-02-26 00:00:00,In-Transit,BA00021,0
2024-02-27 00:00:00,In-Transit,BA00021,0
2024-02-28 00:00:00,In-Transit,BA00021,0
2024-02-29 00:00:00,In-Transit,BA00021,0
2024-03-01 00:00:00,In-Transit,BA00021,0
2024-03-02 00:00:00,In-Transit,BA00021,0
2024-03-03 00:00:00,In-Transit,BA00021,0
2024-03-04 00:00:00,In-Transit,BA00021,0
2024-03-05 00:00:00,In-Transit,BA00021,0
2024-03-06 00:00:00,In-Transit,BA00021,0
2024-03-07 00:00:00,In-Transit,BA00021,0
2024-03-08 00:00:00,In-Transit,BA00021,0
2024-03-09 00:00:00,In-Transit,BA00021,0
2024-03-10 00:00:00,In-Transit,BA00021,0
2024-03-11 00:00:00,In-Transit,BA00021,0
2024-03-12 00:00:00,In-Transit,BA00021,0
2024-03-13 00:00:00,In-Transit,BA00021,0
2024-03-14 00:00:00,In-Transit,BA00021,0
2024-03-15 00:00:00,In-Transit,BA00021,0
2024-03-16 00:00:00,In-Transit,BA00021,0
2024-03-17 00:00:00,In-Transit,BA00021,0
2024-03-18 00:00:00,In-Transit,BA00021,0
2024-03-19 00:00:00,In-Transit,BA00021,0
2024-03-20 00:00:00,In-Transit,BA00021,0
2024-03-21 00:00:00,In-Transit,BA00021,0
2024-03-22 00:00:00,In-Transit,BA00021,0
2024-03-23 00:00:00,In-Transit,BA00021,0
2024-03-24 00:00:00,In-Transit,BA00021,0
2024-03-25 00:00:00,In-Transit,BA00021,0
2024-03-26 00:00:00,In-Transit,BA00021,0
2024-03-27 00:00:00,In-Transit,BA00021,0
2024-03-28 00:00:00,In-Transit,BA00021,0
2024-03-29 00:00:00,In-Transit,BA00021,0
2024-03-30 00:00:00,In-Transit,BA00021,0
2024-03-31 00:00:00,In-Transit,BA00021,0
2024-04-01 00:00:00,In-Transit,BA00021,0
2024-04-02 00:00:00,In-Transit,BA00021,0
2024-04-03 00:00:00,In-Transit,BA00021,0
2024-04-04 00:00:00,In-Transit,BA00021,0
2024-04-05 00:00:00,In-Transit,BA00021,0
2024-04-06 00:00:00,In-Transit,BA00021,0
2024-04-07 00:00:00,In-Transit,BA00021,0
2024-04-08 00:00:00,In-Transit,BA00021,0
2024-04-09 00:00:00,In-Transit,BA00021,0
2024-04-10 00:00:00,In-Transit,BA00021,0
2024-04-11 00:00:00,In-Transit,BA00021,0
2024-04-12 00:00:00,In-Transit,BA00021,0
2024-04-13 00:00:00,In-Transit,BA00021,0
2024-04-14 00:00:00,In-Transit,BA00021,0
2024-04-15 00:00:00,In-Transit,BA00021,0
2024-01-01 00:00:00,WIP,BA00021,0
2024-01-02 00:00:00,WIP,BA00021,0
2024-01-03 00:00:00,WIP,BA00021,0
2024-01-04 00:00:00,WIP,BA00021,0
2024-01-05 00:00:00,WIP,BA00021,0
2024-01-06 00:00:00,WIP,BA00021,0
2024-01-07 00:00:00,WIP,BA00021,0
2024-01-08 00:00:00,WIP,BA00021,800
2024-01-09 00:00:00,WIP,BA00021,800
2024-01-10 00:00:00,WIP,BA00021,800
2024-01-11 00:00:00,WIP,BA00021,800
2024-01-12 00:00:00,WIP,BA00021,800
2024-01-13 00:00:00,WIP,BA00021,800
2024-01-14 00:00:00,WIP,BA00021,800
2024-01-15 00:00:00,WIP,BA00021,800
2024-01-16 00:00:00,WIP,BA00021,800
2024-01-17 00:00:00,WIP,BA00021,800
2024-01-18 00:00:00,WIP,BA00021,0
2024-01-19 00:00:00,WIP,BA00021,0
2024-01-20 00:00:00,WIP,BA00021,0
2024-01-21 00:00:00,WIP,BA00021,0
2024-01-22 00:00:00,WIP,BA00021,0
2024-01-23 00:00:00,WIP,BA00021,0
2024-01-24 00:00:00,WIP,BA00021,0
2024-01-25 00:00:00,WIP,BA00021,0
2024-01-26 00:00:00,WIP,BA00021,0
2024-01-27 00:00:00,WIP,BA00021,0
2024-01-28 00:00:00,WIP,BA00021,0
2024-01-29 00:00:00,WIP,BA00021,0
2024-01-30 00:00:00,WIP,BA00021,0
2024-01-31 00:00:00,WIP,BA00021,0
2024-02-01 00:00:00,WIP,BA00021,0
2024-02-02 00:00:00,WIP,BA00021,0
2024-02-03 00:00:00,WIP,BA00021,0
2024-02-04 00:00:00,WIP,BA00021,0
2024-02-05 00:00:00,WIP,BA00021,0
2024-02-06 00:00:00,WIP,BA00021,0
2024-02-07 00:00:00,WIP,BA00021,0
2024-02-08 00:00:00,WIP,BA00021,0
2024-02-09 00:00:00,WIP,BA00021,0
2024-02-10 00:00:00,WIP,BA00021,0
2024-02-11 00:00:00,WIP,BA00021,0
2024-02-12 00:00:00,WIP,BA00021,0
2024-02-13 00:00:00,WIP,BA00021,0
2024-02-14 00:00:00,WIP,BA00021,0
2024-02-15 00:00:00,WIP,BA00021,0
2024-02-16 00:00:00,WIP,BA00021,0
2024-02-17 00:00:00,WIP,BA00021,0
2024-02-18 00:00:00,WIP,BA00021,0
2024-02-19 00:00:00,WIP,BA00021,0
2024-02-20 00:00:00,WIP,BA00021,0
2024-02-21 00:00:00,WIP,BA00021,0
2024-02-22 00:00:00,WIP,BA00021,0
2024-02-23 00:00:00,WIP,BA00021,0
2024-02-24 00:00:00,WIP,BA00021,0
2024-02-25 00:00:00,WIP,BA00021,0
2024-02-26 00:00:00,WIP,BA00021,0
2024-02-27 00:00:00,WIP,BA00021,0
2024-02-28 00:00:00,WIP,BA00021,0
2024-02-29 00:00:00,WIP,BA00021,0
2024-03-01 00:00:00,WIP,BA00021,0
2024-03-02 00:00:00,WIP,BA00021,0
2024-03-03 00:00:00,WIP,BA00021,0
2024-03-04 00:00:00,WIP,BA00021,0
2024-03-05 00:00:00,WIP,BA00021,0
2024-03-06 00:00:00,WIP,BA00021,0
2024-03-07 00:00:00,WIP,BA00021,0
2024-03-08 00:00:00,WIP,BA00021,0
2024-03-09 00:00:00,WIP,BA00021,0
2024-03-10 00:00:00,WIP,BA00021,0
2024-03-11 00:00:00,WIP,BA00021,0
2024-03-12 00:00:00,WIP,BA00021,0
2024-03-13 00:00:00,WIP,BA00021,0
2024-03-14 00:00:00,WIP,BA00021,0
2024-03-15 00:00:00,WIP,BA00021,0
2024-03-16 00:00:00,WIP,BA00021,0
2024-03-17 00:00:00,WIP,BA00021,0
2024-03-18 00:00:00,WIP,BA00021,0
2024-03-19 00:00:00,WIP,BA00021,0
2024-03-20 00:00:00,WIP,BA00021,0
2024-03-21 00:00:00,WIP,BA00021,0
2024-03-22 00:00:00,WIP,BA00021,0
2024-03-23 00:00:00,WIP,BA00021,0
2024-03-24 00:00:00,WIP,BA00021,0
2024-03-25 00:00:00,WIP,BA00021,0
2024-03-26 00:00:00,WIP,BA00021,0
2024-03-27 00:00:00,WIP,BA00021,0
2024-03-28 00:00:00,WIP,BA00021,0
2024-03-29 00:00:00,WIP,BA00021,0
2024-03-30 00:00:00,WIP,BA00021,0
2024-03-31 00:00:00,WIP,BA00021,0
2024-04-01 00:00:00,WIP,BA00021,0
2024-04-02 00:00:00,WIP,BA00021,0
2024-04-03 00:00:00,WIP,BA00021,0
2024-04-04 00:00:00,WIP,BA00021,0
2024-04-05 00:00:00,WIP,BA00021,0
2024-04-06 00:00:00,WIP,BA00021,0
2024-04-07 00:00:00,WIP,BA00021,0
2024-04-08 00:00:00,WIP,BA00021,0
2024-04-09 00:00:00,WIP,BA00021,0
2024-04-10 00:00:00,WIP,BA00021,0
2024-04-11 00:00:00,WIP,BA00021,0
2024-04-12 00:00:00,WIP,BA00021,0
2024-04-13 00:00:00,WIP,BA00021,0
2024-04-14 00:00:00,WIP,BA00021,0
2024-04-15 00:00:00,WIP,BA00021,0
