date,center,resource_code,stock_qty
2024-01-01,AMZUS,SKU1,40
2024-01-02,AMZUS,SKU1,38
2024-01-03,AMZUS,SKU1,37
2024-01-04,AMZUS,SKU1,36
2024-01-01,AMZUS,SKU2,24
2024-01-02,AMZUS,SKU2,23
2024-01-03,AMZUS,SKU2,21
2024-01-04,AMZUS,SKU2,20
