date,center,resource_code,sales_ea
2024-01-01,AMZUS,SKU1,9
2024-01-02,AMZUS,SKU1,6
2024-01-01,AMZUS,SKU2,4
2024-01-02,AMZUS,SKU2,5
