date,sales_ea,center,resource_code
2024-01-01,9.0,AMZUS,SKU1
2024-01-02,7.5,AMZUS,SKU1
2024-01-03,5.0,AMZUS,SKU1
2024-01-04,3.75,AMZUS,SKU1
2024-01-01,4.0,AMZUS,SKU2
2024-01-02,4.5,AMZUS,SKU2
2024-01-03,3.0,AMZUS,SKU2
2024-01-04,2.25,AMZUS,SKU2
