resource_code,to_center,qty_ea,date
SKU1,AMZUS,15,2024-01-05
SKU1,AMZUS,12,2024-01-05
SKU2,AMZUS,18,2024-01-03
