date,sales_ea,center,resource_code
2024-01-05,5,AMZUS,SKU1
2024-01-06,5,AMZUS,SKU1
2024-01-07,4,AMZUS,SKU1
2024-01-08,4,AMZUS,SKU1
2024-01-09,4,AMZUS,SKU1
2024-01-10,4,AMZUS,SKU1
2024-01-05,3,AMZUS,SKU2
2024-01-06,3,AMZUS,SKU2
2024-01-07,2,AMZUS,SKU2
2024-01-08,2,AMZUS,SKU2
2024-01-09,2,AMZUS,SKU2
2024-01-10,2,AMZUS,SKU2
