date,center,resource_code,stock_qty
2024-01-01,In-Transit,SKU-1,70
2024-01-02,In-Transit,SKU-1,40
2024-01-03,In-Transit,SKU-1,40
2024-01-04,In-Transit,SKU-1,40
2024-01-05,In-Transit,SKU-1,40
2024-01-06,In-Transit,SKU-1,40
2024-01-07,In-Transit,SKU-1,40
