date,center,resource_code,stock_qty,sales_qty
2024-12-20,태광KR,BA00021,500,0
2024-12-20,AMZUS,BA00021,300,20
2024-12-20,AMZUS,BA00022,200,15
2024-12-31,태광KR,BA00021,450,0
2024-12-31,AMZUS,BA00021,220,18
2024-12-31,AMZUS,BA00022,150,12


