snapshot_date,resource_code,lot,cogs,태광KR,AMZUS,fba_output_stock
2024-12-20,BA00021,LOT-A,12000,500,300,18
2024-12-20,BA00022,LOT-B,9000,0,200,15
2024-12-31,BA00021,LOT-A,12000,450,220,20
2024-12-31,BA00022,LOT-B,9000,0,150,12


